Copyright 1986-2020 Xilinx, Inc. All Rights Reserved.
----------------------------------------------------------------------------------------------------------------------------------------------------------------
| Tool Version     : Vivado v.2020.1 (win64) Build 2902540 Wed May 27 19:54:49 MDT 2020
| Date             : Mon Nov 16 01:42:21 2020
| Host             : DESKTOP-C5T2IPG running 64-bit major release  (build 9200)
| Command          : report_power -file flappy_Wrapper_power_routed.rpt -pb flappy_Wrapper_power_summary_routed.pb -rpx flappy_Wrapper_power_routed.rpx
| Design           : flappy_Wrapper
| Device           : xc7a100tcsg324-1
| Design State     : routed
| Grade            : commercial
| Process          : typical
| Characterization : Production
----------------------------------------------------------------------------------------------------------------------------------------------------------------

Power Report

Table of Contents
-----------------
1. Summary
1.1 On-Chip Components
1.2 Power Supply Summary
1.3 Confidence Level
2. Settings
2.1 Environment
2.2 Clock Constraints
3. Detailed Reports
3.1 By Hierarchy

1. Summary
----------

+--------------------------+----------------------------------+
| Total On-Chip Power (W)  | 96.090 (Junction temp exceeded!) |
| Design Power Budget (W)  | Unspecified*                     |
| Power Budget Margin (W)  | NA                               |
| Dynamic (W)              | 95.289                           |
| Device Static (W)        | 0.802                            |
| Effective TJA (C/W)      | 4.6                              |
| Max Ambient (C)          | 0.0                              |
| Junction Temperature (C) | 125.0                            |
| Confidence Level         | Low                              |
| Setting File             | ---                              |
| Simulation Activity File | ---                              |
| Design Nets Matched      | NA                               |
+--------------------------+----------------------------------+
* Specify Design Power Budget using, set_operating_conditions -design_power_budget <value in Watts>


1.1 On-Chip Components
----------------------

+----------------+-----------+----------+-----------+-----------------+
| On-Chip        | Power (W) | Used     | Available | Utilization (%) |
+----------------+-----------+----------+-----------+-----------------+
| Slice Logic    |    38.031 |     7896 |       --- |             --- |
|   LUT as Logic |    36.746 |     4574 |     63400 |            7.21 |
|   CARRY4       |     0.631 |      209 |     15850 |            1.32 |
|   Register     |     0.580 |     1832 |    126800 |            1.44 |
|   F7/F8 Muxes  |     0.060 |       39 |     63400 |            0.06 |
|   BUFG         |     0.013 |        3 |        32 |            9.38 |
|   Others       |     0.000 |      455 |       --- |             --- |
| Signals        |    38.413 |     6438 |       --- |             --- |
| Block RAM      |     1.330 |        8 |       135 |            5.93 |
| DSPs           |     1.235 |        2 |       240 |            0.83 |
| I/O            |    16.280 |       36 |       210 |           17.14 |
| Static Power   |     0.802 |          |           |                 |
| Total          |    96.090 |          |           |                 |
+----------------+-----------+----------+-----------+-----------------+


1.2 Power Supply Summary
------------------------

+-----------+-------------+-----------+-------------+------------+-------------+-------------+------------+
| Source    | Voltage (V) | Total (A) | Dynamic (A) | Static (A) | Powerup (A) | Budget (A)  | Margin (A) |
+-----------+-------------+-----------+-------------+------------+-------------+-------------+------------+
| Vccint    |       1.000 |    79.488 |      78.923 |      0.565 |       NA    | Unspecified | NA         |
| Vccaux    |       1.800 |     0.689 |       0.596 |      0.093 |       NA    | Unspecified | NA         |
| Vcco33    |       3.300 |     4.606 |       4.602 |      0.004 |       NA    | Unspecified | NA         |
| Vcco25    |       2.500 |     0.000 |       0.000 |      0.000 |       NA    | Unspecified | NA         |
| Vcco18    |       1.800 |     0.000 |       0.000 |      0.000 |       NA    | Unspecified | NA         |
| Vcco15    |       1.500 |     0.000 |       0.000 |      0.000 |       NA    | Unspecified | NA         |
| Vcco135   |       1.350 |     0.000 |       0.000 |      0.000 |       NA    | Unspecified | NA         |
| Vcco12    |       1.200 |     0.000 |       0.000 |      0.000 |       NA    | Unspecified | NA         |
| Vccaux_io |       1.800 |     0.000 |       0.000 |      0.000 |       NA    | Unspecified | NA         |
| Vccbram   |       1.000 |     0.126 |       0.106 |      0.020 |       NA    | Unspecified | NA         |
| MGTAVcc   |       1.000 |     0.000 |       0.000 |      0.000 |       NA    | Unspecified | NA         |
| MGTAVtt   |       1.200 |     0.000 |       0.000 |      0.000 |       NA    | Unspecified | NA         |
| Vccadc    |       1.800 |     0.020 |       0.000 |      0.020 |       NA    | Unspecified | NA         |
+-----------+-------------+-----------+-------------+------------+-------------+-------------+------------+


1.3 Confidence Level
--------------------

+-----------------------------+------------+--------------------------------------------------------+--------------------------------------------------------------------------------------------------------------------+
| User Input Data             | Confidence | Details                                                | Action                                                                                                             |
+-----------------------------+------------+--------------------------------------------------------+--------------------------------------------------------------------------------------------------------------------+
| Design implementation state | High       | Design is routed                                       |                                                                                                                    |
| Clock nodes activity        | Low        | User specified less than 75% of clocks                 | Provide missing clock activity with a constraint file, simulation results or by editing the "By Clock Domain" view |
| I/O nodes activity          | Low        | More than 75% of inputs are missing user specification | Provide missing input activity with simulation results or by editing the "By Resource Type -> I/Os" view           |
| Internal nodes activity     | Medium     | User specified less than 25% of internal nodes         | Provide missing internal nodes activity with simulation results or by editing the "By Resource Type" views         |
| Device models               | High       | Device models are Production                           |                                                                                                                    |
|                             |            |                                                        |                                                                                                                    |
| Overall confidence level    | Low        |                                                        |                                                                                                                    |
+-----------------------------+------------+--------------------------------------------------------+--------------------------------------------------------------------------------------------------------------------+


2. Settings
-----------

2.1 Environment
---------------

+-----------------------+--------------------------+
| Ambient Temp (C)      | 25.0                     |
| ThetaJA (C/W)         | 4.6                      |
| Airflow (LFM)         | 250                      |
| Heat Sink             | medium (Medium Profile)  |
| ThetaSA (C/W)         | 4.6                      |
| Board Selection       | medium (10"x10")         |
| # of Board Layers     | 12to15 (12 to 15 Layers) |
| Board Temperature (C) | 25.0                     |
+-----------------------+--------------------------+


2.2 Clock Constraints
---------------------

+-------+--------+-----------------+
| Clock | Domain | Constraint (ns) |
+-------+--------+-----------------+


3. Detailed Reports
-------------------

3.1 By Hierarchy
----------------

+------------------------+-----------+
| Name                   | Power (W) |
+------------------------+-----------+
| flappy_Wrapper         |    95.289 |
|   CPU                  |    49.331 |
|     MultDiv            |     4.931 |
|       mult_div         |     4.931 |
|     PC                 |     0.835 |
|       loop1[0].bit     |     0.115 |
|       loop1[10].bit    |     0.030 |
|       loop1[11].bit    |     0.035 |
|       loop1[12].bit    |     0.021 |
|       loop1[13].bit    |     0.027 |
|       loop1[14].bit    |     0.020 |
|       loop1[15].bit    |     0.012 |
|       loop1[16].bit    |     0.022 |
|       loop1[17].bit    |     0.027 |
|       loop1[18].bit    |     0.027 |
|       loop1[19].bit    |     0.025 |
|       loop1[1].bit     |     0.051 |
|       loop1[20].bit    |     0.034 |
|       loop1[21].bit    |     0.019 |
|       loop1[22].bit    |     0.017 |
|       loop1[23].bit    |     0.012 |
|       loop1[24].bit    |     0.026 |
|       loop1[25].bit    |     0.009 |
|       loop1[26].bit    |     0.009 |
|       loop1[27].bit    |     0.016 |
|       loop1[28].bit    |     0.017 |
|       loop1[29].bit    |     0.027 |
|       loop1[2].bit     |     0.023 |
|       loop1[30].bit    |     0.015 |
|       loop1[31].bit    |     0.003 |
|       loop1[3].bit     |     0.038 |
|       loop1[4].bit     |     0.021 |
|       loop1[5].bit     |     0.033 |
|       loop1[6].bit     |     0.013 |
|       loop1[7].bit     |     0.022 |
|       loop1[8].bit     |     0.035 |
|       loop1[9].bit     |     0.032 |
|     PCdx               |     1.234 |
|       loop1[0].bit     |     0.022 |
|       loop1[10].bit    |     0.123 |
|       loop1[11].bit    |     0.073 |
|       loop1[12].bit    |     0.042 |
|       loop1[13].bit    |     0.015 |
|       loop1[14].bit    |     0.023 |
|       loop1[15].bit    |     0.076 |
|       loop1[16].bit    |     0.080 |
|       loop1[17].bit    |     0.037 |
|       loop1[18].bit    |     0.069 |
|       loop1[19].bit    |     0.026 |
|       loop1[1].bit     |     0.015 |
|       loop1[20].bit    |     0.079 |
|       loop1[21].bit    |     0.015 |
|       loop1[22].bit    |     0.012 |
|       loop1[23].bit    |     0.046 |
|       loop1[24].bit    |     0.062 |
|       loop1[25].bit    |     0.015 |
|       loop1[26].bit    |     0.099 |
|       loop1[27].bit    |     0.015 |
|       loop1[28].bit    |     0.010 |
|       loop1[29].bit    |     0.009 |
|       loop1[2].bit     |     0.021 |
|       loop1[30].bit    |     0.007 |
|       loop1[31].bit    |     0.007 |
|       loop1[3].bit     |     0.082 |
|       loop1[4].bit     |     0.018 |
|       loop1[5].bit     |     0.023 |
|       loop1[6].bit     |     0.010 |
|       loop1[7].bit     |     0.046 |
|       loop1[8].bit     |     0.015 |
|       loop1[9].bit     |     0.044 |
|     PCfd               |     0.934 |
|       loop1[0].bit     |     0.054 |
|       loop1[10].bit    |     0.007 |
|       loop1[11].bit    |     0.009 |
|       loop1[12].bit    |     0.026 |
|       loop1[13].bit    |     0.009 |
|       loop1[14].bit    |     0.010 |
|       loop1[15].bit    |     0.163 |
|       loop1[16].bit    |     0.031 |
|       loop1[17].bit    |     0.007 |
|       loop1[18].bit    |     0.010 |
|       loop1[19].bit    |     0.009 |
|       loop1[1].bit     |     0.163 |
|       loop1[20].bit    |     0.010 |
|       loop1[21].bit    |     0.009 |
|       loop1[22].bit    |     0.064 |
|       loop1[23].bit    |     0.011 |
|       loop1[24].bit    |     0.103 |
|       loop1[25].bit    |     0.009 |
|       loop1[26].bit    |     0.005 |
|       loop1[27].bit    |     0.005 |
|       loop1[28].bit    |     0.007 |
|       loop1[29].bit    |     0.007 |
|       loop1[2].bit     |     0.073 |
|       loop1[30].bit    |     0.008 |
|       loop1[31].bit    |     0.006 |
|       loop1[3].bit     |     0.014 |
|       loop1[4].bit     |     0.032 |
|       loop1[5].bit     |     0.009 |
|       loop1[6].bit     |     0.008 |
|       loop1[7].bit     |     0.006 |
|       loop1[8].bit     |     0.019 |
|       loop1[9].bit     |     0.031 |
|     PCmw_reg           |     0.228 |
|       loop1[0].bit     |     0.012 |
|       loop1[10].bit    |     0.006 |
|       loop1[11].bit    |     0.006 |
|       loop1[12].bit    |     0.003 |
|       loop1[13].bit    |     0.004 |
|       loop1[14].bit    |     0.007 |
|       loop1[15].bit    |     0.005 |
|       loop1[16].bit    |     0.007 |
|       loop1[17].bit    |     0.006 |
|       loop1[18].bit    |     0.006 |
|       loop1[19].bit    |     0.005 |
|       loop1[1].bit     |     0.010 |
|       loop1[20].bit    |     0.005 |
|       loop1[21].bit    |     0.006 |
|       loop1[22].bit    |     0.009 |
|       loop1[23].bit    |     0.009 |
|       loop1[24].bit    |     0.008 |
|       loop1[25].bit    |     0.012 |
|       loop1[26].bit    |     0.012 |
|       loop1[27].bit    |     0.007 |
|       loop1[28].bit    |     0.008 |
|       loop1[29].bit    |     0.006 |
|       loop1[2].bit     |     0.010 |
|       loop1[30].bit    |     0.006 |
|       loop1[31].bit    |     0.007 |
|       loop1[3].bit     |     0.009 |
|       loop1[4].bit     |     0.009 |
|       loop1[5].bit     |     0.005 |
|       loop1[6].bit     |     0.005 |
|       loop1[7].bit     |     0.006 |
|       loop1[8].bit     |     0.007 |
|       loop1[9].bit     |     0.006 |
|     PCxm               |     0.208 |
|       loop1[0].bit     |     0.009 |
|       loop1[10].bit    |     0.006 |
|       loop1[11].bit    |     0.008 |
|       loop1[12].bit    |     0.007 |
|       loop1[13].bit    |     0.006 |
|       loop1[14].bit    |     0.007 |
|       loop1[15].bit    |     0.006 |
|       loop1[16].bit    |     0.007 |
|       loop1[17].bit    |     0.005 |
|       loop1[18].bit    |     0.007 |
|       loop1[19].bit    |     0.007 |
|       loop1[1].bit     |     0.010 |
|       loop1[20].bit    |     0.007 |
|       loop1[21].bit    |     0.005 |
|       loop1[22].bit    |     0.006 |
|       loop1[23].bit    |     0.006 |
|       loop1[24].bit    |     0.006 |
|       loop1[25].bit    |     0.006 |
|       loop1[26].bit    |     0.005 |
|       loop1[27].bit    |     0.004 |
|       loop1[28].bit    |     0.005 |
|       loop1[29].bit    |     0.003 |
|       loop1[2].bit     |     0.010 |
|       loop1[30].bit    |     0.005 |
|       loop1[31].bit    |     0.006 |
|       loop1[3].bit     |     0.009 |
|       loop1[4].bit     |     0.008 |
|       loop1[5].bit     |     0.007 |
|       loop1[6].bit     |     0.005 |
|       loop1[7].bit     |     0.007 |
|       loop1[8].bit     |     0.006 |
|       loop1[9].bit     |     0.008 |
|     memory             |     0.027 |
|     mult_or_divDX      |     0.002 |
|     mult_or_divPM      |     0.003 |
|     mult_readyPM       |     0.009 |
|     regDXir            |    19.103 |
|       loop1[0].bit     |     0.140 |
|       loop1[10].bit    |     0.263 |
|       loop1[11].bit    |     0.256 |
|       loop1[12].bit    |     0.093 |
|       loop1[13].bit    |     0.148 |
|       loop1[14].bit    |     0.102 |
|       loop1[15].bit    |    10.561 |
|       loop1[16].bit    |     0.883 |
|       loop1[17].bit    |     0.029 |
|       loop1[18].bit    |     0.027 |
|       loop1[19].bit    |     0.073 |
|       loop1[1].bit     |     0.160 |
|       loop1[20].bit    |     0.018 |
|       loop1[21].bit    |     0.021 |
|       loop1[22].bit    |     0.045 |
|       loop1[23].bit    |     0.042 |
|       loop1[24].bit    |     0.030 |
|       loop1[25].bit    |     0.644 |
|       loop1[26].bit    |     0.079 |
|       loop1[27].bit    |     0.345 |
|       loop1[28].bit    |     0.550 |
|       loop1[29].bit    |     0.857 |
|       loop1[2].bit     |     0.576 |
|       loop1[30].bit    |     0.358 |
|       loop1[31].bit    |     0.110 |
|       loop1[3].bit     |     0.828 |
|       loop1[4].bit     |     0.585 |
|       loop1[5].bit     |     0.075 |
|       loop1[6].bit     |     0.129 |
|       loop1[7].bit     |     0.225 |
|       loop1[8].bit     |     0.299 |
|       loop1[9].bit     |     0.552 |
|     regFD              |     9.417 |
|       loop1[0].bit     |     0.082 |
|       loop1[10].bit    |     0.028 |
|       loop1[11].bit    |     0.016 |
|       loop1[12].bit    |     0.167 |
|       loop1[13].bit    |     3.415 |
|       loop1[14].bit    |     0.074 |
|       loop1[15].bit    |     0.076 |
|       loop1[16].bit    |     0.107 |
|       loop1[17].bit    |     0.086 |
|       loop1[18].bit    |     2.399 |
|       loop1[19].bit    |     0.056 |
|       loop1[1].bit     |     0.015 |
|       loop1[20].bit    |     0.121 |
|       loop1[21].bit    |     0.059 |
|       loop1[22].bit    |     0.218 |
|       loop1[23].bit    |     0.044 |
|       loop1[24].bit    |     0.060 |
|       loop1[25].bit    |     0.025 |
|       loop1[26].bit    |     0.065 |
|       loop1[27].bit    |     0.346 |
|       loop1[28].bit    |     1.168 |
|       loop1[29].bit    |     0.461 |
|       loop1[2].bit     |     0.019 |
|       loop1[30].bit    |     0.131 |
|       loop1[31].bit    |     0.058 |
|       loop1[3].bit     |     0.016 |
|       loop1[4].bit     |     0.021 |
|       loop1[5].bit     |     0.023 |
|       loop1[6].bit     |     0.014 |
|       loop1[7].bit     |     0.011 |
|       loop1[8].bit     |     0.018 |
|       loop1[9].bit     |     0.017 |
|     regMWir            |    10.424 |
|       loop1[0].bit     |     0.008 |
|       loop1[10].bit    |     0.005 |
|       loop1[11].bit    |     0.004 |
|       loop1[12].bit    |     0.006 |
|       loop1[13].bit    |     0.006 |
|       loop1[14].bit    |     0.010 |
|       loop1[15].bit    |     0.004 |
|       loop1[16].bit    |     0.004 |
|       loop1[17].bit    |     0.007 |
|       loop1[18].bit    |     0.005 |
|       loop1[19].bit    |     0.006 |
|       loop1[1].bit     |     0.004 |
|       loop1[20].bit    |     0.004 |
|       loop1[21].bit    |     0.006 |
|       loop1[22].bit    |     0.102 |
|       loop1[23].bit    |     0.069 |
|       loop1[24].bit    |     0.023 |
|       loop1[25].bit    |     4.098 |
|       loop1[26].bit    |     0.059 |
|       loop1[27].bit    |     0.193 |
|       loop1[28].bit    |     3.179 |
|       loop1[29].bit    |     0.112 |
|       loop1[2].bit     |     0.005 |
|       loop1[30].bit    |     0.663 |
|       loop1[31].bit    |     1.798 |
|       loop1[3].bit     |     0.005 |
|       loop1[4].bit     |     0.007 |
|       loop1[5].bit     |     0.005 |
|       loop1[6].bit     |     0.008 |
|       loop1[7].bit     |     0.005 |
|       loop1[8].bit     |     0.009 |
|       loop1[9].bit     |     0.008 |
|     regXMir            |     0.604 |
|       loop1[0].bit     |     0.009 |
|       loop1[10].bit    |     0.007 |
|       loop1[11].bit    |     0.006 |
|       loop1[12].bit    |     0.007 |
|       loop1[13].bit    |     0.006 |
|       loop1[14].bit    |     0.007 |
|       loop1[15].bit    |     0.010 |
|       loop1[16].bit    |     0.006 |
|       loop1[17].bit    |     0.008 |
|       loop1[18].bit    |     0.008 |
|       loop1[19].bit    |     0.008 |
|       loop1[1].bit     |     0.009 |
|       loop1[20].bit    |     0.007 |
|       loop1[21].bit    |     0.006 |
|       loop1[22].bit    |     0.039 |
|       loop1[23].bit    |     0.046 |
|       loop1[24].bit    |     0.088 |
|       loop1[25].bit    |     0.076 |
|       loop1[26].bit    |     0.020 |
|       loop1[27].bit    |     0.011 |
|       loop1[28].bit    |     0.008 |
|       loop1[29].bit    |     0.011 |
|       loop1[2].bit     |     0.006 |
|       loop1[30].bit    |     0.008 |
|       loop1[31].bit    |     0.139 |
|       loop1[3].bit     |     0.007 |
|       loop1[4].bit     |     0.005 |
|       loop1[5].bit     |     0.004 |
|       loop1[6].bit     |     0.006 |
|       loop1[7].bit     |     0.007 |
|       loop1[8].bit     |     0.007 |
|       loop1[9].bit     |     0.010 |
|     reg_PWir           |     0.231 |
|       loop1[0].bit     |     0.003 |
|       loop1[10].bit    |     0.002 |
|       loop1[11].bit    |     0.004 |
|       loop1[12].bit    |     0.002 |
|       loop1[13].bit    |     0.002 |
|       loop1[14].bit    |     0.002 |
|       loop1[15].bit    |     0.002 |
|       loop1[16].bit    |     0.002 |
|       loop1[17].bit    |     0.002 |
|       loop1[18].bit    |     0.003 |
|       loop1[19].bit    |     0.003 |
|       loop1[1].bit     |     0.002 |
|       loop1[20].bit    |     0.002 |
|       loop1[21].bit    |     0.003 |
|       loop1[22].bit    |     0.004 |
|       loop1[23].bit    |     0.004 |
|       loop1[24].bit    |     0.003 |
|       loop1[25].bit    |     0.004 |
|       loop1[26].bit    |     0.003 |
|       loop1[27].bit    |     0.002 |
|       loop1[28].bit    |     0.048 |
|       loop1[29].bit    |     0.004 |
|       loop1[2].bit     |     0.002 |
|       loop1[30].bit    |     0.025 |
|       loop1[31].bit    |     0.085 |
|       loop1[3].bit     |     0.002 |
|       loop1[4].bit     |     0.002 |
|       loop1[5].bit     |     0.003 |
|       loop1[6].bit     |     0.002 |
|       loop1[7].bit     |     0.002 |
|       loop1[8].bit     |     0.002 |
|       loop1[9].bit     |     0.002 |
|     registerAdx        |     0.037 |
|       loop1[0].bit     |     0.003 |
|       loop1[10].bit    |     0.001 |
|       loop1[12].bit    |     0.001 |
|       loop1[16].bit    |     0.001 |
|       loop1[17].bit    |     0.001 |
|       loop1[18].bit    |     0.001 |
|       loop1[1].bit     |     0.003 |
|       loop1[23].bit    |     0.001 |
|       loop1[25].bit    |     0.001 |
|       loop1[26].bit    |     0.002 |
|       loop1[27].bit    |     0.001 |
|       loop1[29].bit    |     0.001 |
|       loop1[30].bit    |     0.001 |
|       loop1[31].bit    |     0.001 |
|       loop1[3].bit     |     0.001 |
|     registerBdx        |     0.046 |
|       loop1[0].bit     |     0.002 |
|       loop1[11].bit    |     0.001 |
|       loop1[14].bit    |     0.002 |
|       loop1[15].bit    |     0.001 |
|       loop1[16].bit    |     0.002 |
|       loop1[17].bit    |     0.002 |
|       loop1[18].bit    |     0.002 |
|       loop1[19].bit    |     0.001 |
|       loop1[1].bit     |     0.002 |
|       loop1[20].bit    |     0.003 |
|       loop1[21].bit    |     0.002 |
|       loop1[22].bit    |     0.002 |
|       loop1[23].bit    |     0.002 |
|       loop1[24].bit    |     0.001 |
|       loop1[25].bit    |     0.002 |
|       loop1[26].bit    |     0.002 |
|       loop1[27].bit    |     0.001 |
|       loop1[29].bit    |     0.001 |
|       loop1[30].bit    |     0.002 |
|       loop1[31].bit    |     0.001 |
|       loop1[3].bit     |     0.001 |
|       loop1[4].bit     |     0.001 |
|       loop1[7].bit     |     0.001 |
|       loop1[8].bit     |     0.001 |
|     registerBmw        |     0.332 |
|       loop1[0].bit     |     0.021 |
|       loop1[10].bit    |     0.004 |
|       loop1[11].bit    |     0.004 |
|       loop1[12].bit    |     0.004 |
|       loop1[13].bit    |     0.009 |
|       loop1[14].bit    |     0.011 |
|       loop1[15].bit    |     0.005 |
|       loop1[16].bit    |     0.010 |
|       loop1[17].bit    |     0.012 |
|       loop1[18].bit    |     0.009 |
|       loop1[19].bit    |     0.009 |
|       loop1[1].bit     |     0.004 |
|       loop1[20].bit    |     0.011 |
|       loop1[21].bit    |     0.007 |
|       loop1[22].bit    |     0.009 |
|       loop1[23].bit    |     0.008 |
|       loop1[24].bit    |     0.016 |
|       loop1[25].bit    |     0.020 |
|       loop1[26].bit    |     0.018 |
|       loop1[27].bit    |     0.018 |
|       loop1[28].bit    |     0.019 |
|       loop1[29].bit    |     0.020 |
|       loop1[2].bit     |     0.004 |
|       loop1[30].bit    |     0.019 |
|       loop1[31].bit    |     0.021 |
|       loop1[3].bit     |     0.004 |
|       loop1[4].bit     |     0.004 |
|       loop1[5].bit     |     0.004 |
|       loop1[6].bit     |     0.004 |
|       loop1[7].bit     |     0.004 |
|       loop1[8].bit     |     0.017 |
|       loop1[9].bit     |     0.004 |
|     registerBxm        |     0.045 |
|       loop1[0].bit     |     0.002 |
|       loop1[11].bit    |     0.001 |
|       loop1[12].bit    |     0.001 |
|       loop1[14].bit    |     0.001 |
|       loop1[15].bit    |     0.002 |
|       loop1[17].bit    |     0.001 |
|       loop1[18].bit    |     0.002 |
|       loop1[1].bit     |     0.002 |
|       loop1[20].bit    |     0.001 |
|       loop1[21].bit    |     0.002 |
|       loop1[22].bit    |     0.001 |
|       loop1[23].bit    |     0.001 |
|       loop1[24].bit    |     0.001 |
|       loop1[25].bit    |     0.001 |
|       loop1[26].bit    |     0.003 |
|       loop1[27].bit    |     0.002 |
|       loop1[29].bit    |     0.001 |
|       loop1[2].bit     |     0.001 |
|       loop1[30].bit    |     0.002 |
|       loop1[31].bit    |     0.002 |
|       loop1[4].bit     |     0.001 |
|       loop1[7].bit     |     0.002 |
|       loop1[9].bit     |     0.001 |
|     registerOmw        |     0.060 |
|       loop1[0].bit     |     0.003 |
|       loop1[10].bit    |     0.001 |
|       loop1[11].bit    |     0.001 |
|       loop1[12].bit    |     0.001 |
|       loop1[13].bit    |     0.001 |
|       loop1[14].bit    |     0.001 |
|       loop1[15].bit    |     0.003 |
|       loop1[16].bit    |     0.002 |
|       loop1[17].bit    |     0.002 |
|       loop1[18].bit    |     0.001 |
|       loop1[19].bit    |     0.001 |
|       loop1[1].bit     |     0.003 |
|       loop1[20].bit    |     0.001 |
|       loop1[21].bit    |     0.003 |
|       loop1[22].bit    |     0.002 |
|       loop1[23].bit    |     0.002 |
|       loop1[24].bit    |     0.002 |
|       loop1[25].bit    |     0.002 |
|       loop1[26].bit    |     0.002 |
|       loop1[27].bit    |     0.003 |
|       loop1[28].bit    |     0.002 |
|       loop1[29].bit    |     0.002 |
|       loop1[2].bit     |     0.002 |
|       loop1[30].bit    |     0.001 |
|       loop1[31].bit    |     0.002 |
|       loop1[3].bit     |     0.001 |
|       loop1[4].bit     |     0.001 |
|       loop1[5].bit     |     0.002 |
|       loop1[6].bit     |     0.002 |
|       loop1[7].bit     |     0.002 |
|       loop1[8].bit     |     0.002 |
|       loop1[9].bit     |     0.002 |
|     registerOxm        |     0.552 |
|       loop1[0].bit     |     0.045 |
|       loop1[10].bit    |     0.022 |
|       loop1[11].bit    |     0.018 |
|       loop1[12].bit    |     0.016 |
|       loop1[13].bit    |     0.017 |
|       loop1[14].bit    |     0.013 |
|       loop1[15].bit    |     0.014 |
|       loop1[16].bit    |     0.012 |
|       loop1[17].bit    |     0.011 |
|       loop1[18].bit    |     0.014 |
|       loop1[19].bit    |     0.013 |
|       loop1[1].bit     |     0.037 |
|       loop1[20].bit    |     0.016 |
|       loop1[21].bit    |     0.012 |
|       loop1[22].bit    |     0.015 |
|       loop1[23].bit    |     0.013 |
|       loop1[24].bit    |     0.011 |
|       loop1[25].bit    |     0.012 |
|       loop1[26].bit    |     0.012 |
|       loop1[27].bit    |     0.016 |
|       loop1[28].bit    |     0.015 |
|       loop1[29].bit    |     0.017 |
|       loop1[2].bit     |     0.022 |
|       loop1[30].bit    |     0.013 |
|       loop1[31].bit    |     0.013 |
|       loop1[3].bit     |     0.018 |
|       loop1[4].bit     |     0.020 |
|       loop1[5].bit     |     0.020 |
|       loop1[6].bit     |     0.021 |
|       loop1[7].bit     |     0.019 |
|       loop1[8].bit     |     0.018 |
|       loop1[9].bit     |     0.019 |
|     res_MultDiv        |     0.069 |
|       loop1[0].bit     |     0.002 |
|       loop1[10].bit    |     0.002 |
|       loop1[11].bit    |     0.001 |
|       loop1[12].bit    |     0.002 |
|       loop1[13].bit    |     0.002 |
|       loop1[14].bit    |     0.002 |
|       loop1[15].bit    |     0.002 |
|       loop1[16].bit    |     0.002 |
|       loop1[17].bit    |     0.002 |
|       loop1[18].bit    |     0.002 |
|       loop1[19].bit    |     0.002 |
|       loop1[1].bit     |     0.001 |
|       loop1[20].bit    |     0.002 |
|       loop1[21].bit    |     0.002 |
|       loop1[22].bit    |     0.002 |
|       loop1[23].bit    |     0.002 |
|       loop1[24].bit    |     0.004 |
|       loop1[25].bit    |     0.004 |
|       loop1[26].bit    |     0.004 |
|       loop1[27].bit    |     0.003 |
|       loop1[28].bit    |     0.004 |
|       loop1[29].bit    |     0.003 |
|       loop1[2].bit     |     0.001 |
|       loop1[30].bit    |     0.003 |
|       loop1[31].bit    |     0.004 |
|       loop1[3].bit     |     0.002 |
|       loop1[4].bit     |     0.001 |
|       loop1[5].bit     |     0.001 |
|       loop1[6].bit     |     0.001 |
|       loop1[8].bit     |     0.002 |
|       loop1[9].bit     |     0.001 |
|   InstMem              |     0.958 |
|   ProcMem              |     0.867 |
|   RegisterFile         |    12.829 |
|     Areg               |     1.704 |
|     Breg               |     2.752 |
|     loop1[10].register |     0.164 |
|       loop1[0].bit     |     0.007 |
|       loop1[10].bit    |     0.006 |
|       loop1[11].bit    |     0.005 |
|       loop1[12].bit    |     0.004 |
|       loop1[13].bit    |     0.005 |
|       loop1[14].bit    |     0.005 |
|       loop1[15].bit    |     0.004 |
|       loop1[16].bit    |     0.005 |
|       loop1[17].bit    |     0.005 |
|       loop1[18].bit    |     0.005 |
|       loop1[19].bit    |     0.005 |
|       loop1[1].bit     |     0.007 |
|       loop1[20].bit    |     0.005 |
|       loop1[21].bit    |     0.005 |
|       loop1[22].bit    |     0.004 |
|       loop1[23].bit    |     0.005 |
|       loop1[24].bit    |     0.006 |
|       loop1[25].bit    |     0.006 |
|       loop1[26].bit    |     0.004 |
|       loop1[27].bit    |     0.005 |
|       loop1[28].bit    |     0.005 |
|       loop1[29].bit    |     0.006 |
|       loop1[2].bit     |     0.005 |
|       loop1[30].bit    |     0.004 |
|       loop1[31].bit    |     0.006 |
|       loop1[3].bit     |     0.006 |
|       loop1[4].bit     |     0.005 |
|       loop1[5].bit     |     0.005 |
|       loop1[6].bit     |     0.005 |
|       loop1[7].bit     |     0.004 |
|       loop1[8].bit     |     0.006 |
|       loop1[9].bit     |     0.004 |
|     loop1[11].register |     0.013 |
|       loop1[1].bit     |     0.001 |
|     loop1[12].register |     0.016 |
|       loop1[0].bit     |     0.001 |
|       loop1[1].bit     |     0.001 |
|     loop1[13].register |     0.146 |
|       loop1[0].bit     |     0.006 |
|       loop1[10].bit    |     0.004 |
|       loop1[11].bit    |     0.005 |
|       loop1[12].bit    |     0.004 |
|       loop1[13].bit    |     0.005 |
|       loop1[14].bit    |     0.004 |
|       loop1[15].bit    |     0.005 |
|       loop1[16].bit    |     0.004 |
|       loop1[17].bit    |     0.005 |
|       loop1[18].bit    |     0.004 |
|       loop1[19].bit    |     0.004 |
|       loop1[1].bit     |     0.006 |
|       loop1[20].bit    |     0.005 |
|       loop1[21].bit    |     0.004 |
|       loop1[22].bit    |     0.004 |
|       loop1[23].bit    |     0.005 |
|       loop1[24].bit    |     0.004 |
|       loop1[25].bit    |     0.004 |
|       loop1[26].bit    |     0.005 |
|       loop1[27].bit    |     0.005 |
|       loop1[28].bit    |     0.003 |
|       loop1[29].bit    |     0.006 |
|       loop1[2].bit     |     0.005 |
|       loop1[30].bit    |     0.004 |
|       loop1[31].bit    |     0.004 |
|       loop1[3].bit     |     0.005 |
|       loop1[4].bit     |     0.004 |
|       loop1[5].bit     |     0.004 |
|       loop1[6].bit     |     0.005 |
|       loop1[7].bit     |     0.005 |
|       loop1[8].bit     |     0.004 |
|       loop1[9].bit     |     0.005 |
|     loop1[14].register |     0.015 |
|       loop1[0].bit     |     0.001 |
|       loop1[1].bit     |     0.001 |
|     loop1[15].register |     0.012 |
|     loop1[16].register |     0.215 |
|       loop1[0].bit     |     0.009 |
|       loop1[10].bit    |     0.007 |
|       loop1[11].bit    |     0.007 |
|       loop1[12].bit    |     0.007 |
|       loop1[13].bit    |     0.007 |
|       loop1[14].bit    |     0.006 |
|       loop1[15].bit    |     0.006 |
|       loop1[16].bit    |     0.007 |
|       loop1[17].bit    |     0.007 |
|       loop1[18].bit    |     0.006 |
|       loop1[19].bit    |     0.006 |
|       loop1[1].bit     |     0.009 |
|       loop1[20].bit    |     0.007 |
|       loop1[21].bit    |     0.007 |
|       loop1[22].bit    |     0.005 |
|       loop1[23].bit    |     0.006 |
|       loop1[24].bit    |     0.007 |
|       loop1[25].bit    |     0.007 |
|       loop1[26].bit    |     0.007 |
|       loop1[27].bit    |     0.007 |
|       loop1[28].bit    |     0.006 |
|       loop1[29].bit    |     0.006 |
|       loop1[2].bit     |     0.007 |
|       loop1[30].bit    |     0.007 |
|       loop1[31].bit    |     0.007 |
|       loop1[3].bit     |     0.006 |
|       loop1[4].bit     |     0.007 |
|       loop1[5].bit     |     0.007 |
|       loop1[6].bit     |     0.007 |
|       loop1[7].bit     |     0.007 |
|       loop1[8].bit     |     0.007 |
|       loop1[9].bit     |     0.005 |
|     loop1[17].register |     0.014 |
|       loop1[0].bit     |     0.001 |
|     loop1[18].register |     0.015 |
|       loop1[0].bit     |     0.001 |
|     loop1[19].register |     0.142 |
|       loop1[0].bit     |     0.007 |
|       loop1[10].bit    |     0.004 |
|       loop1[11].bit    |     0.005 |
|       loop1[12].bit    |     0.005 |
|       loop1[13].bit    |     0.005 |
|       loop1[14].bit    |     0.005 |
|       loop1[15].bit    |     0.004 |
|       loop1[16].bit    |     0.004 |
|       loop1[17].bit    |     0.004 |
|       loop1[18].bit    |     0.005 |
|       loop1[19].bit    |     0.004 |
|       loop1[1].bit     |     0.006 |
|       loop1[20].bit    |     0.003 |
|       loop1[21].bit    |     0.005 |
|       loop1[22].bit    |     0.003 |
|       loop1[23].bit    |     0.003 |
|       loop1[24].bit    |     0.004 |
|       loop1[25].bit    |     0.004 |
|       loop1[26].bit    |     0.004 |
|       loop1[27].bit    |     0.004 |
|       loop1[28].bit    |     0.004 |
|       loop1[29].bit    |     0.005 |
|       loop1[2].bit     |     0.005 |
|       loop1[30].bit    |     0.005 |
|       loop1[31].bit    |     0.004 |
|       loop1[3].bit     |     0.005 |
|       loop1[4].bit     |     0.005 |
|       loop1[5].bit     |     0.004 |
|       loop1[6].bit     |     0.004 |
|       loop1[7].bit     |     0.005 |
|       loop1[8].bit     |     0.004 |
|       loop1[9].bit     |     0.003 |
|     loop1[20].register |     0.016 |
|       loop1[0].bit     |     0.001 |
|       loop1[29].bit    |     0.001 |
|     loop1[21].register |     0.013 |
|       loop1[1].bit     |     0.001 |
|     loop1[22].register |     0.164 |
|       loop1[0].bit     |     0.007 |
|       loop1[10].bit    |     0.006 |
|       loop1[11].bit    |     0.005 |
|       loop1[12].bit    |     0.006 |
|       loop1[13].bit    |     0.005 |
|       loop1[14].bit    |     0.005 |
|       loop1[15].bit    |     0.005 |
|       loop1[16].bit    |     0.005 |
|       loop1[17].bit    |     0.005 |
|       loop1[18].bit    |     0.005 |
|       loop1[19].bit    |     0.004 |
|       loop1[1].bit     |     0.006 |
|       loop1[20].bit    |     0.005 |
|       loop1[21].bit    |     0.004 |
|       loop1[22].bit    |     0.004 |
|       loop1[23].bit    |     0.005 |
|       loop1[24].bit    |     0.006 |
|       loop1[25].bit    |     0.005 |
|       loop1[26].bit    |     0.004 |
|       loop1[27].bit    |     0.004 |
|       loop1[28].bit    |     0.004 |
|       loop1[29].bit    |     0.007 |
|       loop1[2].bit     |     0.006 |
|       loop1[30].bit    |     0.004 |
|       loop1[31].bit    |     0.003 |
|       loop1[3].bit     |     0.005 |
|       loop1[4].bit     |     0.006 |
|       loop1[5].bit     |     0.006 |
|       loop1[6].bit     |     0.006 |
|       loop1[7].bit     |     0.005 |
|       loop1[8].bit     |     0.006 |
|       loop1[9].bit     |     0.005 |
|     loop1[23].register |     0.016 |
|       loop1[0].bit     |     0.001 |
|     loop1[24].register |     0.017 |
|       loop1[0].bit     |     0.001 |
|       loop1[1].bit     |     0.001 |
|     loop1[25].register |     0.135 |
|       loop1[0].bit     |     0.007 |
|       loop1[10].bit    |     0.004 |
|       loop1[11].bit    |     0.004 |
|       loop1[12].bit    |     0.004 |
|       loop1[13].bit    |     0.004 |
|       loop1[14].bit    |     0.004 |
|       loop1[15].bit    |     0.004 |
|       loop1[16].bit    |     0.004 |
|       loop1[17].bit    |     0.004 |
|       loop1[18].bit    |     0.004 |
|       loop1[19].bit    |     0.004 |
|       loop1[1].bit     |     0.006 |
|       loop1[20].bit    |     0.004 |
|       loop1[21].bit    |     0.004 |
|       loop1[22].bit    |     0.003 |
|       loop1[23].bit    |     0.005 |
|       loop1[24].bit    |     0.004 |
|       loop1[25].bit    |     0.004 |
|       loop1[26].bit    |     0.005 |
|       loop1[27].bit    |     0.004 |
|       loop1[28].bit    |     0.004 |
|       loop1[29].bit    |     0.005 |
|       loop1[2].bit     |     0.004 |
|       loop1[30].bit    |     0.004 |
|       loop1[31].bit    |     0.004 |
|       loop1[3].bit     |     0.005 |
|       loop1[4].bit     |     0.003 |
|       loop1[5].bit     |     0.003 |
|       loop1[6].bit     |     0.005 |
|       loop1[7].bit     |     0.004 |
|       loop1[8].bit     |     0.004 |
|       loop1[9].bit     |     0.003 |
|     loop1[26].register |     0.014 |
|     loop1[27].register |     0.013 |
|       loop1[0].bit     |     0.002 |
|       loop1[1].bit     |     0.001 |
|     loop1[28].register |     0.091 |
|       loop1[0].bit     |     0.005 |
|       loop1[10].bit    |     0.003 |
|       loop1[11].bit    |     0.003 |
|       loop1[12].bit    |     0.003 |
|       loop1[13].bit    |     0.003 |
|       loop1[14].bit    |     0.002 |
|       loop1[15].bit    |     0.003 |
|       loop1[16].bit    |     0.002 |
|       loop1[17].bit    |     0.003 |
|       loop1[18].bit    |     0.002 |
|       loop1[19].bit    |     0.003 |
|       loop1[1].bit     |     0.004 |
|       loop1[20].bit    |     0.003 |
|       loop1[21].bit    |     0.003 |
|       loop1[22].bit    |     0.003 |
|       loop1[23].bit    |     0.002 |
|       loop1[24].bit    |     0.002 |
|       loop1[25].bit    |     0.003 |
|       loop1[26].bit    |     0.003 |
|       loop1[27].bit    |     0.002 |
|       loop1[28].bit    |     0.003 |
|       loop1[29].bit    |     0.003 |
|       loop1[2].bit     |     0.003 |
|       loop1[30].bit    |     0.003 |
|       loop1[31].bit    |     0.002 |
|       loop1[3].bit     |     0.003 |
|       loop1[4].bit     |     0.003 |
|       loop1[5].bit     |     0.003 |
|       loop1[6].bit     |     0.003 |
|       loop1[7].bit     |     0.003 |
|       loop1[8].bit     |     0.003 |
|       loop1[9].bit     |     0.003 |
|     loop1[29].register |     0.016 |
|       loop1[0].bit     |     0.001 |
|     loop1[2].register  |     0.014 |
|       loop1[0].bit     |     0.002 |
|     loop1[30].register |     0.015 |
|       loop1[0].bit     |     0.001 |
|     loop1[31].register |     1.161 |
|       loop1[0].bit     |     0.053 |
|       loop1[10].bit    |     0.036 |
|       loop1[11].bit    |     0.035 |
|       loop1[12].bit    |     0.037 |
|       loop1[13].bit    |     0.036 |
|       loop1[14].bit    |     0.033 |
|       loop1[15].bit    |     0.025 |
|       loop1[16].bit    |     0.035 |
|       loop1[17].bit    |     0.035 |
|       loop1[18].bit    |     0.036 |
|       loop1[19].bit    |     0.039 |
|       loop1[1].bit     |     0.067 |
|       loop1[20].bit    |     0.036 |
|       loop1[21].bit    |     0.031 |
|       loop1[22].bit    |     0.035 |
|       loop1[23].bit    |     0.036 |
|       loop1[24].bit    |     0.035 |
|       loop1[25].bit    |     0.028 |
|       loop1[26].bit    |     0.041 |
|       loop1[27].bit    |     0.037 |
|       loop1[28].bit    |     0.025 |
|       loop1[29].bit    |     0.043 |
|       loop1[2].bit     |     0.046 |
|       loop1[30].bit    |     0.030 |
|       loop1[31].bit    |     0.027 |
|       loop1[3].bit     |     0.044 |
|       loop1[4].bit     |     0.032 |
|       loop1[5].bit     |     0.035 |
|       loop1[6].bit     |     0.037 |
|       loop1[7].bit     |     0.032 |
|       loop1[8].bit     |     0.033 |
|       loop1[9].bit     |     0.031 |
|     loop1[3].register  |     0.013 |
|       loop1[0].bit     |     0.002 |
|     loop1[4].register  |     0.338 |
|       loop1[0].bit     |     0.017 |
|       loop1[10].bit    |     0.012 |
|       loop1[11].bit    |     0.010 |
|       loop1[12].bit    |     0.011 |
|       loop1[13].bit    |     0.010 |
|       loop1[14].bit    |     0.012 |
|       loop1[15].bit    |     0.008 |
|       loop1[16].bit    |     0.010 |
|       loop1[17].bit    |     0.010 |
|       loop1[18].bit    |     0.013 |
|       loop1[19].bit    |     0.010 |
|       loop1[1].bit     |     0.016 |
|       loop1[20].bit    |     0.011 |
|       loop1[21].bit    |     0.010 |
|       loop1[22].bit    |     0.007 |
|       loop1[23].bit    |     0.009 |
|       loop1[24].bit    |     0.010 |
|       loop1[25].bit    |     0.011 |
|       loop1[26].bit    |     0.011 |
|       loop1[27].bit    |     0.010 |
|       loop1[28].bit    |     0.009 |
|       loop1[29].bit    |     0.011 |
|       loop1[2].bit     |     0.012 |
|       loop1[30].bit    |     0.009 |
|       loop1[31].bit    |     0.009 |
|       loop1[3].bit     |     0.009 |
|       loop1[4].bit     |     0.011 |
|       loop1[5].bit     |     0.009 |
|       loop1[6].bit     |     0.011 |
|       loop1[7].bit     |     0.010 |
|       loop1[8].bit     |     0.010 |
|       loop1[9].bit     |     0.010 |
|     loop1[5].register  |     0.016 |
|       loop1[0].bit     |     0.001 |
|       loop1[1].bit     |     0.001 |
|     loop1[6].register  |     0.016 |
|       loop1[0].bit     |     0.001 |
|       loop1[1].bit     |     0.001 |
|     loop1[7].register  |     0.169 |
|       loop1[0].bit     |     0.009 |
|       loop1[10].bit    |     0.006 |
|       loop1[11].bit    |     0.006 |
|       loop1[12].bit    |     0.005 |
|       loop1[13].bit    |     0.005 |
|       loop1[14].bit    |     0.005 |
|       loop1[15].bit    |     0.005 |
|       loop1[16].bit    |     0.004 |
|       loop1[17].bit    |     0.005 |
|       loop1[18].bit    |     0.005 |
|       loop1[19].bit    |     0.005 |
|       loop1[1].bit     |     0.007 |
|       loop1[20].bit    |     0.005 |
|       loop1[21].bit    |     0.005 |
|       loop1[22].bit    |     0.005 |
|       loop1[23].bit    |     0.005 |
|       loop1[24].bit    |     0.005 |
|       loop1[25].bit    |     0.004 |
|       loop1[26].bit    |     0.005 |
|       loop1[27].bit    |     0.005 |
|       loop1[28].bit    |     0.005 |
|       loop1[29].bit    |     0.006 |
|       loop1[2].bit     |     0.005 |
|       loop1[30].bit    |     0.004 |
|       loop1[31].bit    |     0.004 |
|       loop1[3].bit     |     0.005 |
|       loop1[4].bit     |     0.005 |
|       loop1[5].bit     |     0.005 |
|       loop1[6].bit     |     0.006 |
|       loop1[7].bit     |     0.005 |
|       loop1[8].bit     |     0.005 |
|       loop1[9].bit     |     0.004 |
|     loop1[8].register  |     0.016 |
|       loop1[1].bit     |     0.001 |
|     loop1[9].register  |     0.016 |
|       loop1[0].bit     |     0.001 |
|     register1          |     5.352 |
|       loop1[0].bit     |     0.228 |
|       loop1[10].bit    |     0.297 |
|       loop1[11].bit    |     0.039 |
|       loop1[12].bit    |     0.108 |
|       loop1[13].bit    |     0.041 |
|       loop1[14].bit    |     0.287 |
|       loop1[15].bit    |     0.038 |
|       loop1[16].bit    |     0.459 |
|       loop1[17].bit    |     0.033 |
|       loop1[18].bit    |     0.404 |
|       loop1[19].bit    |     0.438 |
|       loop1[1].bit     |     0.191 |
|       loop1[20].bit    |     0.088 |
|       loop1[21].bit    |     0.046 |
|       loop1[22].bit    |     0.028 |
|       loop1[23].bit    |     0.032 |
|       loop1[24].bit    |     0.515 |
|       loop1[25].bit    |     0.038 |
|       loop1[26].bit    |     0.303 |
|       loop1[27].bit    |     0.036 |
|       loop1[28].bit    |     0.233 |
|       loop1[29].bit    |     0.033 |
|       loop1[2].bit     |     0.097 |
|       loop1[30].bit    |     0.128 |
|       loop1[31].bit    |     0.424 |
|       loop1[3].bit     |     0.177 |
|       loop1[4].bit     |     0.123 |
|       loop1[5].bit     |     0.046 |
|       loop1[6].bit     |     0.119 |
|       loop1[7].bit     |     0.124 |
|       loop1[8].bit     |     0.113 |
|       loop1[9].bit     |     0.090 |
|   Screen               |    10.510 |
|     Display            |     1.417 |
+------------------------+-----------+


